
*** src/route.rs:125:9: delete match arm "/groom" in path_to_tab

*** mutation diff:
--- src/route.rs
+++ delete match arm "/groom" in path_to_tab
@@ -117,17 +117,17 @@
 #[cfg(any(feature = "csr", test))]
 pub fn path_to_tab(path: &str) -> Tab {
     let normalized = path.trim_end_matches('/').to_ascii_lowercase();
     let base = normalized
         .strip_suffix("/edit")
         .map_or(normalized.as_str(), |stem| stem.trim_end_matches('/'));
     match base {
         "/add" => Tab::AddCard,
-        "/groom" => Tab::Groom,
+         /* ~ changed by cargo-mutants ~ */
         "/account" => Tab::Account,
         _ => Tab::Quiz,
     }
 }
 
 /// The canonical path of a tab (inverse of [`path_to_tab`]).
 // Same gating as [`path_to_tab`]: only the csr history glue and the
 // tests need it.


*** /home/carsten/.rustup/toolchains/stable-x86_64-unknown-linux-gnu/bin/cargo test --no-run --verbose --package=flasher-leptos@0.1.0
       Fresh unicode-ident v1.0.24
       Fresh cfg-if v1.0.4
       Fresh version_check v0.9.5
       Fresh memchr v2.8.3
       Fresh proc-macro2 v1.0.107
       Fresh smallvec v1.15.2
       Fresh semver v1.0.28
       Fresh pin-project-lite v0.2.17
       Fresh futures-core v0.3.33
       Fresh futures-sink v0.3.33
       Fresh bumpalo v3.20.3
       Fresh futures-io v0.3.33
       Fresh futures-task v0.3.33
       Fresh slab v0.4.12
       Fresh stable_deref_trait v1.2.1
       Fresh quote v1.0.47
       Fresh rustc_version v0.4.1
       Fresh futures-channel v0.3.33
       Fresh once_cell v1.21.4
       Fresh unicode-segmentation v1.13.3
       Fresh siphasher v1.0.3
       Fresh or_poisoned v0.1.0
       Fresh itoa v1.0.18
       Fresh litemap v0.8.2
       Fresh writeable v0.6.3
       Fresh hashbrown v0.17.1
       Fresh utf8_iter v1.0.4
       Fresh syn v3.0.3
       Fresh rustversion v1.0.23
       Fresh wasm-bindgen-shared v0.2.126
       Fresh proc-macro-error-attr2 v2.0.0
       Fresh convert_case v0.11.0
       Fresh phf_shared v0.13.1
       Fresh equivalent v1.0.2
       Fresh parking v2.2.1
       Fresh fastrand v2.5.0
       Fresh synstructure v0.13.2
       Fresh serde_derive v1.0.229
       Fresh thiserror-impl v2.0.19
       Fresh futures-macro v0.3.33
       Fresh wasm-bindgen-macro-support v0.2.126
       Fresh zerovec-derive v0.11.3
       Fresh displaydoc v0.2.6
       Fresh proc-macro-error2 v2.0.1
       Fresh indexmap v2.14.0
       Fresh phf_generator v0.13.1
       Fresh zerofrom-derive v0.1.7
       Fresh futures-util v0.3.33
       Fresh yoke-derive v0.8.2
       Fresh thiserror v2.0.19
       Fresh wasm-bindgen-macro v0.2.126
       Fresh icu_properties_data v2.2.0
       Fresh icu_normalizer_data v2.2.0
       Fresh zmij v1.0.23
       Fresh event-listener v5.4.2
       Fresh proc-macro-utils v0.10.0
       Fresh throw_error v0.3.1
       Fresh zerofrom v0.1.8
       Fresh wasm-bindgen v0.2.126
       Fresh futures-executor v0.3.33
       Fresh yansi v1.0.1
       Fresh konst_macro_rules v0.2.19
       Fresh typenum v1.20.1
       Fresh unicode-xid v0.2.6
       Fresh paste v1.0.15
       Fresh event-listener-strategy v0.5.4
       Fresh serde_json v1.0.151
       Fresh derive-where v1.6.1
       Fresh send_wrapper v0.6.0
       Fresh yoke v0.8.3
       Fresh js-sys v0.3.103
       Fresh futures v0.3.33
       Fresh generic-array v0.14.7
       Fresh const_format_proc_macros v0.2.34
       Fresh konst v0.2.20
       Fresh scopeguard v1.2.0
       Fresh percent-encoding v2.3.2
       Fresh either v1.17.0
       Fresh async-lock v3.4.2
       Fresh slotmap v1.1.1
       Fresh syn_derive v0.2.0
       Fresh phf_codegen v0.13.1
       Fresh string_cache_codegen v0.6.1
       Fresh zerovec v0.11.6
       Fresh zerotrie v0.2.4
       Fresh wasm-bindgen-futures v0.4.76
       Fresh web-sys v0.3.103
       Fresh lock_api v0.4.14
       Fresh parking_lot_core v0.9.12
       Fresh const_format v0.2.36
       Fresh hydration_context v0.3.1
       Fresh itertools v0.14.0
       Fresh xxhash-rust v0.8.18
       Fresh new_debug_unreachable v1.0.6
       Fresh guardian v1.3.0
       Fresh tinystr v0.8.3
       Fresh potential_utf v0.1.5
       Fresh any_spawner v0.3.0
       Fresh rustc-hash v2.1.3
       Fresh parking_lot v0.12.5
       Fresh server_fn_macro v0.8.10
       Fresh crypto-common v0.1.7
       Fresh form_urlencoded v1.2.2
       Fresh block-buffer v0.10.4
       Fresh quote-use-macros v0.8.4
       Fresh manyhow-macros v0.11.4
       Fresh icu_locale_core v2.2.0
       Fresh icu_collections v2.2.0
       Fresh reactive_graph v0.2.14
       Fresh reactive_stores_macro v0.4.3
       Fresh thiserror-impl v1.0.69
       Fresh pin-project-internal v1.1.13
       Fresh same-file v1.0.6
       Fresh bytes v1.12.1
       Fresh winnow v1.0.4
       Fresh precomputed-hash v0.1.1
       Fresh html-escape v0.2.14
       Fresh serde_core v1.0.229
       Fresh manyhow v0.11.4
       Fresh icu_provider v2.2.0
       Fresh toml_parser v1.1.3+spec-1.1.0
       Fresh thiserror v1.0.69
       Fresh reactive_stores v0.4.3
       Fresh string_cache v0.9.0
       Fresh walkdir v2.5.0
       Fresh http v1.4.2
       Fresh pin-project v1.1.13
       Fresh camino v1.2.4
       Fresh digest v0.10.7
       Fresh quote-use v0.8.4
       Fresh libc v0.2.189
       Fresh icu_normalizer v2.2.0
       Fresh icu_properties v2.2.0
       Fresh anyhow v1.0.104
       Fresh gloo-utils v0.2.0
       Fresh either_of v0.1.9
       Fresh oco_ref v0.2.1
       Fresh async-trait v0.1.91
       Fresh phf v0.13.1
       Fresh toml_datetime v1.1.1+spec-1.1.0
       Fresh syn v2.0.119
       Fresh serde_spanned v1.1.1
       Fresh aho-corasick v1.1.4
       Fresh interpolator v0.5.0
       Fresh cpufeatures v0.2.17
       Fresh collection_literals v1.0.3
       Fresh idna_adapter v1.2.2
       Fresh regex-syntax v0.8.11
       Fresh drain_filter_polyfill v0.1.3
       Fresh next_tuple v0.1.0
       Fresh const_str_slice_concat v0.1.0
       Fresh erased v0.1.2
       Fresh proc-macro2-diagnostics v0.10.1
       Fresh sha2 v0.10.9
       Fresh web_atoms v0.2.5
       Fresh attribute-derive-macro v0.10.5
       Fresh gloo-net v0.6.0
       Fresh toml v1.1.3+spec-1.1.0
       Fresh serde v1.0.229
       Fresh getrandom v0.4.3
       Fresh server_fn_macro_default v0.8.5
       Fresh idna v1.1.0
       Fresh regex-automata v0.4.16
       Fresh tachys v0.2.18
       Fresh wasm-streams v0.5.0
       Fresh tendril v0.5.1
       Fresh serde_qs v0.15.0
       Fresh typed-builder-macro v0.23.2
       Fresh convert_case v0.6.0
       Fresh pathdiff v0.2.3
       Fresh dtoa v1.0.11
       Fresh const-str v1.1.0
       Fresh base16 v0.2.1
       Fresh base64 v0.22.1
       Fresh log v0.4.33
       Fresh rstml v0.12.1
       Fresh uuid v1.24.0
       Fresh url v2.5.8
       Fresh typed-builder v0.23.2
       Fresh regex v1.13.1
       Fresh markup5ever v0.39.0
       Fresh dtoa-short v0.3.5
       Fresh config v0.15.25
       Fresh wasm_split_macros v0.2.2
       Fresh attribute-derive v0.10.5
       Fresh prettyplease v0.2.37
       Fresh codee v0.3.5
       Fresh convert_case_extras v0.2.0
       Fresh async-once-cell v0.5.4
       Fresh leptos_dom v0.8.8
       Fresh server_fn v0.8.13
       Fresh leptos_macro v0.8.17
       Fresh html5ever v0.39.0
       Fresh cssparser v0.37.0
       Fresh leptos_config v0.8.10
       Fresh wasm_split_helpers v0.2.3
       Fresh leptos_hot_reload v0.8.6
       Fresh maplit v1.0.2
       Fresh pulldown-cmark-escape v0.11.0
       Fresh unicase v2.9.0
       Fresh bitflags v2.13.1
       Fresh flasher-types v0.1.0 (/home/carsten/flasher/crates/flasher-types)
       Fresh console_error_panic_hook v0.1.7
       Fresh flasher-core v0.1.0 (/home/carsten/flasher/crates/flasher-core)
       Fresh leptos_server v0.8.7
       Fresh ammonia v4.1.4
       Fresh pulldown-cmark v0.13.4
       Fresh leptos v0.8.20
       Dirty flasher-leptos v0.1.0 (/tmp/cargo-mutants-leptos-meuGZE.tmp): the file `src/route.rs` has changed (1785392385.924280433s, 687227396ns after last build at 1785392385.237053037s)
   Compiling flasher-leptos v0.1.0 (/tmp/cargo-mutants-leptos-meuGZE.tmp)
     Running `/home/carsten/.rustup/toolchains/stable-x86_64-unknown-linux-gnu/bin/rustc --crate-name flasher_leptos --edition=2024 src/lib.rs --error-format=json --json=diagnostic-rendered-ansi,artifacts,future-incompat --crate-type cdylib --crate-type rlib --emit=dep-info,link -C embed-bitcode=no -C debuginfo=2 '--warn=clippy::pedantic' '--warn=clippy::all' '--warn=clippy::unwrap_used' --forbid=unsafe_code '--warn=clippy::panic' '--warn=clippy::expect_used' --cfg 'feature="csr"' --cfg 'feature="default"' --check-cfg 'cfg(docsrs,test)' --check-cfg 'cfg(feature, values("csr", "default", "ssr"))' -C metadata=d1ca7527b489e870 --out-dir /tmp/cargo-mutants-leptos-meuGZE.tmp/target/debug/deps -C incremental=/tmp/cargo-mutants-leptos-meuGZE.tmp/target/debug/incremental -C strip=symbols -L dependency=/tmp/cargo-mutants-leptos-meuGZE.tmp/target/debug/deps --extern ammonia=/tmp/cargo-mutants-leptos-meuGZE.tmp/target/debug/deps/libammonia-e3a2031766cbc26c.rlib --extern console_error_panic_hook=/tmp/cargo-mutants-leptos-meuGZE.tmp/target/debug/deps/libconsole_error_panic_hook-dac15121e101c9b1.rlib --extern flasher_core=/tmp/cargo-mutants-leptos-meuGZE.tmp/target/debug/deps/libflasher_core-12448742e4dca369.rlib --extern flasher_types=/tmp/cargo-mutants-leptos-meuGZE.tmp/target/debug/deps/libflasher_types-07ee35ed29d3d2e0.rlib --extern gloo_net=/tmp/cargo-mutants-leptos-meuGZE.tmp/target/debug/deps/libgloo_net-b4a761cd53268173.rlib --extern js_sys=/tmp/cargo-mutants-leptos-meuGZE.tmp/target/debug/deps/libjs_sys-3a30544393419ac2.rlib --extern leptos=/tmp/cargo-mutants-leptos-meuGZE.tmp/target/debug/deps/libleptos-4814e6e26ff19b22.rlib --extern pulldown_cmark=/tmp/cargo-mutants-leptos-meuGZE.tmp/target/debug/deps/libpulldown_cmark-8d7f7e8778336a1c.rlib --extern wasm_bindgen=/tmp/cargo-mutants-leptos-meuGZE.tmp/target/debug/deps/libwasm_bindgen-c90e05712a3278ce.rlib --extern wasm_bindgen_futures=/tmp/cargo-mutants-leptos-meuGZE.tmp/target/debug/deps/libwasm_bindgen_futures-6156381ff8b2a4d6.rlib --extern web_sys=/tmp/cargo-mutants-leptos-meuGZE.tmp/target/debug/deps/libweb_sys-ba05af0cc7df72c3.rlib --cap-lints=warn`
     Running `/home/carsten/.rustup/toolchains/stable-x86_64-unknown-linux-gnu/bin/rustc --crate-name flasher_leptos --edition=2024 src/lib.rs --error-format=json --json=diagnostic-rendered-ansi,artifacts,future-incompat --emit=dep-info,link -C embed-bitcode=no -C debuginfo=2 '--warn=clippy::pedantic' '--warn=clippy::all' '--warn=clippy::unwrap_used' --forbid=unsafe_code '--warn=clippy::panic' '--warn=clippy::expect_used' --test --cfg 'feature="csr"' --cfg 'feature="default"' --check-cfg 'cfg(docsrs,test)' --check-cfg 'cfg(feature, values("csr", "default", "ssr"))' -C metadata=e0c95bd3f6958724 -C extra-filename=-6cbf8d2a42fc7781 --out-dir /tmp/cargo-mutants-leptos-meuGZE.tmp/target/debug/deps -C incremental=/tmp/cargo-mutants-leptos-meuGZE.tmp/target/debug/incremental -C strip=symbols -L dependency=/tmp/cargo-mutants-leptos-meuGZE.tmp/target/debug/deps --extern ammonia=/tmp/cargo-mutants-leptos-meuGZE.tmp/target/debug/deps/libammonia-e3a2031766cbc26c.rlib --extern console_error_panic_hook=/tmp/cargo-mutants-leptos-meuGZE.tmp/target/debug/deps/libconsole_error_panic_hook-dac15121e101c9b1.rlib --extern flasher_core=/tmp/cargo-mutants-leptos-meuGZE.tmp/target/debug/deps/libflasher_core-12448742e4dca369.rlib --extern flasher_types=/tmp/cargo-mutants-leptos-meuGZE.tmp/target/debug/deps/libflasher_types-07ee35ed29d3d2e0.rlib --extern gloo_net=/tmp/cargo-mutants-leptos-meuGZE.tmp/target/debug/deps/libgloo_net-b4a761cd53268173.rlib --extern js_sys=/tmp/cargo-mutants-leptos-meuGZE.tmp/target/debug/deps/libjs_sys-3a30544393419ac2.rlib --extern leptos=/tmp/cargo-mutants-leptos-meuGZE.tmp/target/debug/deps/libleptos-4814e6e26ff19b22.rlib --extern pulldown_cmark=/tmp/cargo-mutants-leptos-meuGZE.tmp/target/debug/deps/libpulldown_cmark-8d7f7e8778336a1c.rlib --extern wasm_bindgen=/tmp/cargo-mutants-leptos-meuGZE.tmp/target/debug/deps/libwasm_bindgen-c90e05712a3278ce.rlib --extern wasm_bindgen_futures=/tmp/cargo-mutants-leptos-meuGZE.tmp/target/debug/deps/libwasm_bindgen_futures-6156381ff8b2a4d6.rlib --extern web_sys=/tmp/cargo-mutants-leptos-meuGZE.tmp/target/debug/deps/libweb_sys-ba05af0cc7df72c3.rlib --cap-lints=warn`
     Running `/home/carsten/.rustup/toolchains/stable-x86_64-unknown-linux-gnu/bin/rustc --crate-name flasher_leptos --edition=2024 src/main.rs --error-format=json --json=diagnostic-rendered-ansi,artifacts,future-incompat --emit=dep-info,link -C embed-bitcode=no -C debuginfo=2 '--warn=clippy::pedantic' '--warn=clippy::all' '--warn=clippy::unwrap_used' --forbid=unsafe_code '--warn=clippy::panic' '--warn=clippy::expect_used' --test --cfg 'feature="csr"' --cfg 'feature="default"' --check-cfg 'cfg(docsrs,test)' --check-cfg 'cfg(feature, values("csr", "default", "ssr"))' -C metadata=52fbacc8554e5880 -C extra-filename=-f8d63143db585276 --out-dir /tmp/cargo-mutants-leptos-meuGZE.tmp/target/debug/deps -C incremental=/tmp/cargo-mutants-leptos-meuGZE.tmp/target/debug/incremental -C strip=symbols -L dependency=/tmp/cargo-mutants-leptos-meuGZE.tmp/target/debug/deps --extern ammonia=/tmp/cargo-mutants-leptos-meuGZE.tmp/target/debug/deps/libammonia-e3a2031766cbc26c.rlib --extern console_error_panic_hook=/tmp/cargo-mutants-leptos-meuGZE.tmp/target/debug/deps/libconsole_error_panic_hook-dac15121e101c9b1.rlib --extern flasher_core=/tmp/cargo-mutants-leptos-meuGZE.tmp/target/debug/deps/libflasher_core-12448742e4dca369.rlib --extern flasher_leptos=/tmp/cargo-mutants-leptos-meuGZE.tmp/target/debug/deps/libflasher_leptos.rlib --extern flasher_types=/tmp/cargo-mutants-leptos-meuGZE.tmp/target/debug/deps/libflasher_types-07ee35ed29d3d2e0.rlib --extern gloo_net=/tmp/cargo-mutants-leptos-meuGZE.tmp/target/debug/deps/libgloo_net-b4a761cd53268173.rlib --extern js_sys=/tmp/cargo-mutants-leptos-meuGZE.tmp/target/debug/deps/libjs_sys-3a30544393419ac2.rlib --extern leptos=/tmp/cargo-mutants-leptos-meuGZE.tmp/target/debug/deps/libleptos-4814e6e26ff19b22.rlib --extern pulldown_cmark=/tmp/cargo-mutants-leptos-meuGZE.tmp/target/debug/deps/libpulldown_cmark-8d7f7e8778336a1c.rlib --extern wasm_bindgen=/tmp/cargo-mutants-leptos-meuGZE.tmp/target/debug/deps/libwasm_bindgen-c90e05712a3278ce.rlib --extern wasm_bindgen_futures=/tmp/cargo-mutants-leptos-meuGZE.tmp/target/debug/deps/libwasm_bindgen_futures-6156381ff8b2a4d6.rlib --extern web_sys=/tmp/cargo-mutants-leptos-meuGZE.tmp/target/debug/deps/libweb_sys-ba05af0cc7df72c3.rlib --cap-lints=warn`
     Running `/home/carsten/.rustup/toolchains/stable-x86_64-unknown-linux-gnu/bin/rustc --crate-name app_ssr --edition=2024 tests/app_ssr.rs --error-format=json --json=diagnostic-rendered-ansi,artifacts,future-incompat --emit=dep-info,link -C embed-bitcode=no -C debuginfo=2 '--warn=clippy::pedantic' '--warn=clippy::all' '--warn=clippy::unwrap_used' --forbid=unsafe_code '--warn=clippy::panic' '--warn=clippy::expect_used' --test --cfg 'feature="csr"' --cfg 'feature="default"' --check-cfg 'cfg(docsrs,test)' --check-cfg 'cfg(feature, values("csr", "default", "ssr"))' -C metadata=e709b110e0618713 -C extra-filename=-8ff1b73f431f088e --out-dir /tmp/cargo-mutants-leptos-meuGZE.tmp/target/debug/deps -C incremental=/tmp/cargo-mutants-leptos-meuGZE.tmp/target/debug/incremental -C strip=symbols -L dependency=/tmp/cargo-mutants-leptos-meuGZE.tmp/target/debug/deps --extern ammonia=/tmp/cargo-mutants-leptos-meuGZE.tmp/target/debug/deps/libammonia-e3a2031766cbc26c.rlib --extern console_error_panic_hook=/tmp/cargo-mutants-leptos-meuGZE.tmp/target/debug/deps/libconsole_error_panic_hook-dac15121e101c9b1.rlib --extern flasher_core=/tmp/cargo-mutants-leptos-meuGZE.tmp/target/debug/deps/libflasher_core-12448742e4dca369.rlib --extern flasher_leptos=/tmp/cargo-mutants-leptos-meuGZE.tmp/target/debug/deps/libflasher_leptos.rlib --extern flasher_types=/tmp/cargo-mutants-leptos-meuGZE.tmp/target/debug/deps/libflasher_types-07ee35ed29d3d2e0.rlib --extern gloo_net=/tmp/cargo-mutants-leptos-meuGZE.tmp/target/debug/deps/libgloo_net-b4a761cd53268173.rlib --extern js_sys=/tmp/cargo-mutants-leptos-meuGZE.tmp/target/debug/deps/libjs_sys-3a30544393419ac2.rlib --extern leptos=/tmp/cargo-mutants-leptos-meuGZE.tmp/target/debug/deps/libleptos-4814e6e26ff19b22.rlib --extern pulldown_cmark=/tmp/cargo-mutants-leptos-meuGZE.tmp/target/debug/deps/libpulldown_cmark-8d7f7e8778336a1c.rlib --extern wasm_bindgen=/tmp/cargo-mutants-leptos-meuGZE.tmp/target/debug/deps/libwasm_bindgen-c90e05712a3278ce.rlib --extern wasm_bindgen_futures=/tmp/cargo-mutants-leptos-meuGZE.tmp/target/debug/deps/libwasm_bindgen_futures-6156381ff8b2a4d6.rlib --extern web_sys=/tmp/cargo-mutants-leptos-meuGZE.tmp/target/debug/deps/libweb_sys-ba05af0cc7df72c3.rlib --cap-lints=warn`
     Running `/home/carsten/.rustup/toolchains/stable-x86_64-unknown-linux-gnu/bin/rustc --crate-name flasher_leptos --edition=2024 src/main.rs --error-format=json --json=diagnostic-rendered-ansi,artifacts,future-incompat --crate-type bin --emit=dep-info,link -C embed-bitcode=no -C debuginfo=2 '--warn=clippy::pedantic' '--warn=clippy::all' '--warn=clippy::unwrap_used' --forbid=unsafe_code '--warn=clippy::panic' '--warn=clippy::expect_used' --cfg 'feature="csr"' --cfg 'feature="default"' --check-cfg 'cfg(docsrs,test)' --check-cfg 'cfg(feature, values("csr", "default", "ssr"))' -C metadata=ee1b29f777773ec6 -C extra-filename=-ef8e25198efab2e1 --out-dir /tmp/cargo-mutants-leptos-meuGZE.tmp/target/debug/deps -C incremental=/tmp/cargo-mutants-leptos-meuGZE.tmp/target/debug/incremental -C strip=symbols -L dependency=/tmp/cargo-mutants-leptos-meuGZE.tmp/target/debug/deps --extern ammonia=/tmp/cargo-mutants-leptos-meuGZE.tmp/target/debug/deps/libammonia-e3a2031766cbc26c.rlib --extern console_error_panic_hook=/tmp/cargo-mutants-leptos-meuGZE.tmp/target/debug/deps/libconsole_error_panic_hook-dac15121e101c9b1.rlib --extern flasher_core=/tmp/cargo-mutants-leptos-meuGZE.tmp/target/debug/deps/libflasher_core-12448742e4dca369.rlib --extern flasher_leptos=/tmp/cargo-mutants-leptos-meuGZE.tmp/target/debug/deps/libflasher_leptos.rlib --extern flasher_types=/tmp/cargo-mutants-leptos-meuGZE.tmp/target/debug/deps/libflasher_types-07ee35ed29d3d2e0.rlib --extern gloo_net=/tmp/cargo-mutants-leptos-meuGZE.tmp/target/debug/deps/libgloo_net-b4a761cd53268173.rlib --extern js_sys=/tmp/cargo-mutants-leptos-meuGZE.tmp/target/debug/deps/libjs_sys-3a30544393419ac2.rlib --extern leptos=/tmp/cargo-mutants-leptos-meuGZE.tmp/target/debug/deps/libleptos-4814e6e26ff19b22.rlib --extern pulldown_cmark=/tmp/cargo-mutants-leptos-meuGZE.tmp/target/debug/deps/libpulldown_cmark-8d7f7e8778336a1c.rlib --extern wasm_bindgen=/tmp/cargo-mutants-leptos-meuGZE.tmp/target/debug/deps/libwasm_bindgen-c90e05712a3278ce.rlib --extern wasm_bindgen_futures=/tmp/cargo-mutants-leptos-meuGZE.tmp/target/debug/deps/libwasm_bindgen_futures-6156381ff8b2a4d6.rlib --extern web_sys=/tmp/cargo-mutants-leptos-meuGZE.tmp/target/debug/deps/libweb_sys-ba05af0cc7df72c3.rlib --cap-lints=warn`
    Finished `test` profile [unoptimized + debuginfo] target(s) in 0.63s
warning: the following packages contain code that will be rejected by a future version of Rust: proc-macro-error2 v2.0.1
note: to see what the problems were, use the option `--future-incompat-report`, or run `cargo report future-incompatibilities --id 1`
  Executable `/tmp/cargo-mutants-leptos-meuGZE.tmp/target/debug/deps/flasher_leptos-6cbf8d2a42fc7781`
  Executable `/tmp/cargo-mutants-leptos-meuGZE.tmp/target/debug/deps/flasher_leptos-f8d63143db585276`
  Executable `/tmp/cargo-mutants-leptos-meuGZE.tmp/target/debug/deps/app_ssr-8ff1b73f431f088e`

*** result: Success

*** /home/carsten/.rustup/toolchains/stable-x86_64-unknown-linux-gnu/bin/cargo test --verbose --package=flasher-leptos@0.1.0
       Fresh unicode-ident v1.0.24
       Fresh cfg-if v1.0.4
       Fresh version_check v0.9.5
       Fresh memchr v2.8.3
       Fresh smallvec v1.15.2
       Fresh pin-project-lite v0.2.17
       Fresh semver v1.0.28
       Fresh futures-core v0.3.33
       Fresh futures-sink v0.3.33
       Fresh futures-io v0.3.33
       Fresh futures-task v0.3.33
       Fresh proc-macro2 v1.0.107
       Fresh rustc_version v0.4.1
       Fresh futures-channel v0.3.33
       Fresh bumpalo v3.20.3
       Fresh slab v0.4.12
       Fresh stable_deref_trait v1.2.1
       Fresh once_cell v1.21.4
       Fresh unicode-segmentation v1.13.3
       Fresh siphasher v1.0.3
       Fresh itoa v1.0.18
       Fresh litemap v0.8.2
       Fresh quote v1.0.47
       Fresh rustversion v1.0.23
       Fresh wasm-bindgen-shared v0.2.126
       Fresh convert_case v0.11.0
       Fresh phf_shared v0.13.1
       Fresh writeable v0.6.3
       Fresh or_poisoned v0.1.0
       Fresh hashbrown v0.17.1
       Fresh utf8_iter v1.0.4
       Fresh equivalent v1.0.2
       Fresh syn v3.0.3
       Fresh proc-macro-error-attr2 v2.0.0
       Fresh indexmap v2.14.0
       Fresh fastrand v2.5.0
       Fresh parking v2.2.1
       Fresh proc-macro-utils v0.10.0
       Fresh synstructure v0.13.2
       Fresh serde_derive v1.0.229
       Fresh thiserror-impl v2.0.19
       Fresh futures-macro v0.3.33
       Fresh wasm-bindgen-macro-support v0.2.126
       Fresh zerovec-derive v0.11.3
       Fresh displaydoc v0.2.6
       Fresh proc-macro-error2 v2.0.1
       Fresh phf_generator v0.13.1
       Fresh icu_properties_data v2.2.0
       Fresh zmij v1.0.23
       Fresh icu_normalizer_data v2.2.0
       Fresh event-listener v5.4.2
       Fresh zerofrom-derive v0.1.7
       Fresh futures-util v0.3.33
       Fresh thiserror v2.0.19
       Fresh yoke-derive v0.8.2
       Fresh wasm-bindgen-macro v0.2.126
       Fresh throw_error v0.3.1
       Fresh typenum v1.20.1
       Fresh konst_macro_rules v0.2.19
       Fresh unicode-xid v0.2.6
       Fresh yansi v1.0.1
       Fresh event-listener-strategy v0.5.4
       Fresh serde_json v1.0.151
       Fresh paste v1.0.15
       Fresh zerofrom v0.1.8
       Fresh wasm-bindgen v0.2.126
       Fresh futures-executor v0.3.33
       Fresh const_format_proc_macros v0.2.34
       Fresh generic-array v0.14.7
       Fresh konst v0.2.20
       Fresh derive-where v1.6.1
       Fresh send_wrapper v0.6.0
       Fresh percent-encoding v2.3.2
       Fresh scopeguard v1.2.0
       Fresh either v1.17.0
       Fresh slotmap v1.1.1
       Fresh async-lock v3.4.2
       Fresh phf_codegen v0.13.1
       Fresh yoke v0.8.3
       Fresh js-sys v0.3.103
       Fresh futures v0.3.33
       Fresh itertools v0.14.0
       Fresh const_format v0.2.36
       Fresh lock_api v0.4.14
       Fresh parking_lot_core v0.9.12
       Fresh string_cache_codegen v0.6.1
       Fresh syn_derive v0.2.0
       Fresh xxhash-rust v0.8.18
       Fresh new_debug_unreachable v1.0.6
       Fresh zerovec v0.11.6
       Fresh wasm-bindgen-futures v0.4.76
       Fresh zerotrie v0.2.4
       Fresh web-sys v0.3.103
       Fresh hydration_context v0.3.1
       Fresh guardian v1.3.0
       Fresh rustc-hash v2.1.3
       Fresh parking_lot v0.12.5
       Fresh server_fn_macro v0.8.10
       Fresh form_urlencoded v1.2.2
       Fresh crypto-common v0.1.7
       Fresh tinystr v0.8.3
       Fresh potential_utf v0.1.5
       Fresh any_spawner v0.3.0
       Fresh block-buffer v0.10.4
       Fresh reactive_stores_macro v0.4.3
       Fresh quote-use-macros v0.8.4
       Fresh pin-project-internal v1.1.13
       Fresh manyhow-macros v0.11.4
       Fresh thiserror-impl v1.0.69
       Fresh bytes v1.12.1
       Fresh html-escape v0.2.14
       Fresh winnow v1.0.4
       Fresh same-file v1.0.6
       Fresh icu_locale_core v2.2.0
       Fresh icu_collections v2.2.0
       Fresh reactive_graph v0.2.14
       Fresh precomputed-hash v0.1.1
       Fresh pin-project v1.1.13
       Fresh thiserror v1.0.69
       Fresh http v1.4.2
       Fresh digest v0.10.7
       Fresh manyhow v0.11.4
       Fresh quote-use v0.8.4
       Fresh toml_parser v1.1.3+spec-1.1.0
       Fresh serde_core v1.0.229
       Fresh walkdir v2.5.0
       Fresh icu_provider v2.2.0
       Fresh string_cache v0.9.0
       Fresh reactive_stores v0.4.3
       Fresh libc v0.2.189
       Fresh anyhow v1.0.104
       Fresh camino v1.2.4
       Fresh gloo-utils v0.2.0
       Fresh either_of v0.1.9
       Fresh oco_ref v0.2.1
       Fresh async-trait v0.1.91
       Fresh phf v0.13.1
       Fresh toml_datetime v1.1.1+spec-1.1.0
       Fresh syn v2.0.119
       Fresh serde_spanned v1.1.1
       Fresh icu_normalizer v2.2.0
       Fresh icu_properties v2.2.0
       Fresh aho-corasick v1.1.4
       Fresh interpolator v0.5.0
       Fresh collection_literals v1.0.3
       Fresh drain_filter_polyfill v0.1.3
       Fresh cpufeatures v0.2.17
       Fresh next_tuple v0.1.0
       Fresh erased v0.1.2
       Fresh const_str_slice_concat v0.1.0
       Fresh regex-syntax v0.8.11
       Fresh web_atoms v0.2.5
       Fresh getrandom v0.4.3
       Fresh toml v1.1.3+spec-1.1.0
       Fresh gloo-net v0.6.0
       Fresh idna_adapter v1.2.2
       Fresh attribute-derive-macro v0.10.5
       Fresh regex-automata v0.4.16
       Fresh tachys v0.2.18
       Fresh sha2 v0.10.9
       Fresh proc-macro2-diagnostics v0.10.1
       Fresh serde v1.0.229
       Fresh server_fn_macro_default v0.8.5
       Fresh wasm-streams v0.5.0
       Fresh tendril v0.5.1
       Fresh serde_qs v0.15.0
       Fresh typed-builder-macro v0.23.2
       Fresh convert_case v0.6.0
       Fresh const-str v1.1.0
       Fresh pathdiff v0.2.3
       Fresh idna v1.1.0
       Fresh base16 v0.2.1
       Fresh log v0.4.33
       Fresh base64 v0.22.1
       Fresh dtoa v1.0.11
       Fresh rstml v0.12.1
       Fresh attribute-derive v0.10.5
       Fresh typed-builder v0.23.2
       Fresh config v0.15.25
       Fresh regex v1.13.1
       Fresh uuid v1.24.0
       Fresh prettyplease v0.2.37
       Fresh codee v0.3.5
       Fresh convert_case_extras v0.2.0
       Fresh url v2.5.8
       Fresh wasm_split_macros v0.2.2
       Fresh markup5ever v0.39.0
       Fresh dtoa-short v0.3.5
       Fresh async-once-cell v0.5.4
       Fresh leptos_macro v0.8.17
       Fresh leptos_config v0.8.10
       Fresh leptos_hot_reload v0.8.6
       Fresh leptos_dom v0.8.8
       Fresh bitflags v2.13.1
       Fresh maplit v1.0.2
       Fresh pulldown-cmark-escape v0.11.0
       Fresh unicase v2.9.0
       Fresh console_error_panic_hook v0.1.7
       Fresh flasher-types v0.1.0 (/home/carsten/flasher/crates/flasher-types)
       Fresh server_fn v0.8.13
       Fresh wasm_split_helpers v0.2.3
       Fresh html5ever v0.39.0
       Fresh cssparser v0.37.0
       Fresh flasher-core v0.1.0 (/home/carsten/flasher/crates/flasher-core)
       Fresh leptos_server v0.8.7
       Fresh pulldown-cmark v0.13.4
       Fresh ammonia v4.1.4
       Fresh leptos v0.8.20
       Fresh flasher-leptos v0.1.0 (/tmp/cargo-mutants-leptos-meuGZE.tmp)
    Finished `test` profile [unoptimized + debuginfo] target(s) in 0.06s
warning: the following packages contain code that will be rejected by a future version of Rust: proc-macro-error2 v2.0.1
note: to see what the problems were, use the option `--future-incompat-report`, or run `cargo report future-incompatibilities --id 1`
     Running `/tmp/cargo-mutants-leptos-meuGZE.tmp/target/debug/deps/flasher_leptos-6cbf8d2a42fc7781`

running 37 tests
test markdown::needs_katex_tests::needs_katex_detects_math_and_ignores_plain_text ... ok
test markdown::tests::fence_run_accepts_valid_fences ... ok
test markdown::tests::link_destination_requires_bracket_paren_before_the_url ... ok
test markdown::tests::existing_autolink_is_untouched ... ok
test markdown::tests::bare_url_at_line_start_and_end ... ok
test markdown::tests::fence_stays_open_until_a_matching_bare_closing_fence ... ok
test markdown::tests::bare_url_balanced_parens_are_kept ... ok
test markdown::tests::autolink_does_not_break_math ... ok
test markdown::tests::bare_url_is_autolinked ... ok
test markdown::tests::raw_html_is_stripped ... ok
test markdown::tests::gfm_table_survives_sanitization ... ok
test markdown::tests::multiple_bare_urls_in_one_string ... ok
test markdown::tests::trim_trailing_punctuation_strips_exactly_the_trailing_junk ... ok
test markdown::tests::fence_run_rejects_non_fences ... ok
test route::tests::case_is_normalized ... FAILED
test route::tests::edit_paths_fall_back_to_the_tab_underneath ... FAILED
test markdown::tests::math_becomes_katex_delimiters_and_stays_escaped ... ok
test markdown::tests::bold_and_list_render ... ok
test markdown::tests::real_world_aligned_block_is_not_mangled ... ok
test markdown::tests::url_in_code_span_is_untouched ... ok
test route::tests::malformed_edit_paths_fall_back ... FAILED
test markdown::tests::markdown_link_destination_is_untouched ... ok
test markdown::tests::url_in_code_fence_is_untouched ... ok
test route::tests::popstate_dispatches_on_the_full_route ... ok
test route::tests::root_and_unknown_paths_fall_back_to_quiz ... ok
test route::tests::tab_paths_roundtrip ... FAILED
test route::tests::trailing_slash_is_normalized ... FAILED
test tests::relative_age_buckets ... ok
test route::tests::groom_edit_with_id_is_a_real_route ... ok
test route::tests::legacy_quiz_solution_falls_back_to_the_quiz_tab ... ok
test route::tests::known_paths_map_to_their_tabs ... FAILED
test tests::relative_age_clamps_clock_skew ... ok
test webauthn::tests::base64url_decode_accepts_padding ... ok
test webauthn::tests::base64url_decode_rejects_bad_characters ... ok
test webauthn::tests::base64url_round_trip_without_padding ... ok
test webauthn::tests::base64url_uses_url_safe_alphabet ... ok
test markdown::tests::bare_url_trailing_punctuation_is_not_part_of_the_link ... ok

failures:

---- route::tests::case_is_normalized stdout ----

thread 'route::tests::case_is_normalized' (42195) panicked at src/route.rs:310:9:
assertion `left == right` failed
  left: Quiz
 right: Groom
note: run with `RUST_BACKTRACE=1` environment variable to display a backtrace

---- route::tests::edit_paths_fall_back_to_the_tab_underneath stdout ----

thread 'route::tests::edit_paths_fall_back_to_the_tab_underneath' (42196) panicked at src/route.rs:298:9:
assertion `left == right` failed
  left: Quiz
 right: Groom

---- route::tests::malformed_edit_paths_fall_back stdout ----

thread 'route::tests::malformed_edit_paths_fall_back' (42200) panicked at src/route.rs:368:9:
assertion `left == right` failed
  left: Tab(Quiz)
 right: Tab(Groom)

---- route::tests::tab_paths_roundtrip stdout ----

thread 'route::tests::tab_paths_roundtrip' (42203) panicked at src/route.rs:318:13:
assertion `left == right` failed
  left: Quiz
 right: Groom

---- route::tests::trailing_slash_is_normalized stdout ----

thread 'route::tests::trailing_slash_is_normalized' (42204) panicked at src/route.rs:292:9:
assertion `left == right` failed
  left: Quiz
 right: Groom

---- route::tests::known_paths_map_to_their_tabs stdout ----

thread 'route::tests::known_paths_map_to_their_tabs' (42198) panicked at src/route.rs:277:9:
assertion `left == right` failed
  left: Quiz
 right: Groom


failures:
    route::tests::case_is_normalized
    route::tests::edit_paths_fall_back_to_the_tab_underneath
    route::tests::known_paths_map_to_their_tabs
    route::tests::malformed_edit_paths_fall_back
    route::tests::tab_paths_roundtrip
    route::tests::trailing_slash_is_normalized

test result: FAILED. 31 passed; 6 failed; 0 ignored; 0 measured; 0 filtered out; finished in 0.00s

error: test failed, to rerun pass `-p flasher-leptos --lib`

*** result: Failure(101)
